{
  "selection": [
    {
      "path": "async/async.d.ts",
      "key": "async/async.d.ts-1efa27f49add3fcb68450f2c1cfa8fc581ec2506",
      "solved": false,
      "commit": {
        "commitSha": "1efa27f49add3fcb68450f2c1cfa8fc581ec2506"
      },
      "blob": {
        "sha": "12aa4123f3e68a5ef9a45108c55abd9e1b645851"
      },
      "dependencies": []
    }
  ],
  "nameMatches": [
    {
      "path": "async/async.d.ts",
      "project": "async",
      "name": "async",
      "head": {
        "path": "async/async.d.ts",
        "key": "async/async.d.ts-1efa27f49add3fcb68450f2c1cfa8fc581ec2506",
        "solved": false
      },
      "history": []
    }
  ],
  "written": {}
}