{
  "nameMatches": [
    {
      "path": "angularjs/angular.d.ts",
      "project": "angularjs",
      "name": "angular",
      "def": {
        "path": "angularjs/angular.d.ts",
        "commit": {
          "commitSha": "3bc329f49a971b3dae92ca682cb81816dbe31a53"
        },
        "blob": {
          "sha": "c44f3408e4b90c2572045d231a91f6042cf2e8da"
        },
        "key": "angularjs/angular.d.ts-3bc329f49a971b3dae92ca682cb81816dbe31a53",
        "solved": false,
        "dependencies": []
      },
      "history": []
    }
  ],
  "selection": [
    {
      "path": "angularjs/angular.d.ts",
      "commit": {
        "commitSha": "3bc329f49a971b3dae92ca682cb81816dbe31a53"
      },
      "blob": {
        "sha": "c44f3408e4b90c2572045d231a91f6042cf2e8da"
      },
      "key": "angularjs/angular.d.ts-3bc329f49a971b3dae92ca682cb81816dbe31a53",
      "solved": false,
      "dependencies": []
    }
  ],
  "written": {}
}