{
  "nameMatches": [
    {
      "path": "angularjs/angular-cookies.d.ts",
      "project": "angularjs",
      "name": "angular-cookies",
      "head": {
        "path": "angularjs/angular-cookies.d.ts",
        "commit": {
          "commitSha": "c2df10e5f1b18fdd0b561da0a8804e4d534c59ed"
        },
        "blob": {
          "sha": "4dc2e038e13b2a7e71f338076f4875228e9027cf"
        },
        "key": "angularjs/angular-cookies.d.ts-c2df10e5f1b18fdd0b561da0a8804e4d534c59ed",
        "solved": false,
        "dependencies": []
      },
      "history": []
    }
  ],
  "selection": [
    {
      "path": "angularjs/angular-cookies.d.ts",
      "commit": {
        "commitSha": "c2df10e5f1b18fdd0b561da0a8804e4d534c59ed"
      },
      "blob": {
        "sha": "4dc2e038e13b2a7e71f338076f4875228e9027cf"
      },
      "key": "angularjs/angular-cookies.d.ts-c2df10e5f1b18fdd0b561da0a8804e4d534c59ed",
      "solved": false,
      "dependencies": []
    }
  ],
  "written": {
    "angularjs/angular-cookies.d.ts": {
      "path": "angularjs/angular-cookies.d.ts",
      "commit": {
        "commitSha": "c2df10e5f1b18fdd0b561da0a8804e4d534c59ed"
      },
      "blob": {
        "sha": "4dc2e038e13b2a7e71f338076f4875228e9027cf"
      },
      "key": "angularjs/angular-cookies.d.ts-c2df10e5f1b18fdd0b561da0a8804e4d534c59ed",
      "solved": false,
      "dependencies": []
    }
  }
}