{
  "typingsPath": "typings",
  "version": "v4",
  "repo": "borisyankov/DefinitelyTyped",
  "ref": "master",
  "installed": {
    "angularjs/angular-cookies.d.ts": {
      "commit": "c2df10e5f1b18fdd0b561da0a8804e4d534c59ed",
      "blob": "4dc2e038e13b2a7e71f338076f4875228e9027cf"
    }
  }
}