{
  "nameMatches": [
    {
      "path": "angularjs/angular-cookies.d.ts",
      "project": "angularjs",
      "name": "angular-cookies",
      "head": {
        "path": "angularjs/angular-cookies.d.ts",
        "commit": {
          "commitSha": "c2df10e5f1b18fdd0b561da0a8804e4d534c59ed"
        },
        "blob": {
          "sha": "4dc2e038e13b2a7e71f338076f4875228e9027cf"
        },
        "key": "angularjs/angular-cookies.d.ts-c2df10e5f1b18fdd0b561da0a8804e4d534c59ed",
        "solved": true,
        "dependencies": [
          {
            "path": "angularjs/angular.d.ts",
            "project": "angularjs",
            "name": "angular",
            "head": {
              "path": "angularjs/angular.d.ts",
              "commit": {
                "commitSha": "c2df10e5f1b18fdd0b561da0a8804e4d534c59ed"
              },
              "blob": {
                "sha": "e76c2be094981c2852bd70a9c3fcbc7f99ff9c8f"
              },
              "key": "angularjs/angular.d.ts-c2df10e5f1b18fdd0b561da0a8804e4d534c59ed",
              "solved": true,
              "dependencies": [
                {
                  "path": "jquery/jquery.d.ts",
                  "project": "jquery",
                  "name": "jquery",
                  "head": {
                    "path": "jquery/jquery.d.ts",
                    "commit": {
                      "commitSha": "c2df10e5f1b18fdd0b561da0a8804e4d534c59ed"
                    },
                    "blob": {
                      "sha": "99969f710e2dbcac67382988edc7224550d29b86"
                    },
                    "key": "jquery/jquery.d.ts-c2df10e5f1b18fdd0b561da0a8804e4d534c59ed",
                    "solved": true,
                    "dependencies": []
                  },
                  "history": []
                }
              ]
            },
            "history": []
          }
        ]
      },
      "history": []
    }
  ],
  "selection": [
    {
      "path": "angularjs/angular-cookies.d.ts",
      "commit": {
        "commitSha": "c2df10e5f1b18fdd0b561da0a8804e4d534c59ed"
      },
      "blob": {
        "sha": "4dc2e038e13b2a7e71f338076f4875228e9027cf"
      },
      "key": "angularjs/angular-cookies.d.ts-c2df10e5f1b18fdd0b561da0a8804e4d534c59ed",
      "solved": true,
      "dependencies": [
        {
          "path": "angularjs/angular.d.ts",
          "project": "angularjs",
          "name": "angular",
          "head": {
            "path": "angularjs/angular.d.ts",
            "commit": {
              "commitSha": "c2df10e5f1b18fdd0b561da0a8804e4d534c59ed"
            },
            "blob": {
              "sha": "e76c2be094981c2852bd70a9c3fcbc7f99ff9c8f"
            },
            "key": "angularjs/angular.d.ts-c2df10e5f1b18fdd0b561da0a8804e4d534c59ed",
            "solved": true,
            "dependencies": [
              {
                "path": "jquery/jquery.d.ts",
                "project": "jquery",
                "name": "jquery",
                "head": {
                  "path": "jquery/jquery.d.ts",
                  "commit": {
                    "commitSha": "c2df10e5f1b18fdd0b561da0a8804e4d534c59ed"
                  },
                  "blob": {
                    "sha": "99969f710e2dbcac67382988edc7224550d29b86"
                  },
                  "key": "jquery/jquery.d.ts-c2df10e5f1b18fdd0b561da0a8804e4d534c59ed",
                  "solved": true,
                  "dependencies": []
                },
                "history": []
              }
            ]
          },
          "history": []
        }
      ]
    }
  ],
  "written": {
    "angularjs/angular-cookies.d.ts": {
      "path": "angularjs/angular-cookies.d.ts",
      "commit": {
        "commitSha": "c2df10e5f1b18fdd0b561da0a8804e4d534c59ed"
      },
      "blob": {
        "sha": "4dc2e038e13b2a7e71f338076f4875228e9027cf"
      },
      "key": "angularjs/angular-cookies.d.ts-c2df10e5f1b18fdd0b561da0a8804e4d534c59ed",
      "solved": true,
      "dependencies": [
        {
          "path": "angularjs/angular.d.ts",
          "project": "angularjs",
          "name": "angular",
          "head": {
            "path": "angularjs/angular.d.ts",
            "commit": {
              "commitSha": "c2df10e5f1b18fdd0b561da0a8804e4d534c59ed"
            },
            "blob": {
              "sha": "e76c2be094981c2852bd70a9c3fcbc7f99ff9c8f"
            },
            "key": "angularjs/angular.d.ts-c2df10e5f1b18fdd0b561da0a8804e4d534c59ed",
            "solved": true,
            "dependencies": [
              {
                "path": "jquery/jquery.d.ts",
                "project": "jquery",
                "name": "jquery",
                "head": {
                  "path": "jquery/jquery.d.ts",
                  "commit": {
                    "commitSha": "c2df10e5f1b18fdd0b561da0a8804e4d534c59ed"
                  },
                  "blob": {
                    "sha": "99969f710e2dbcac67382988edc7224550d29b86"
                  },
                  "key": "jquery/jquery.d.ts-c2df10e5f1b18fdd0b561da0a8804e4d534c59ed",
                  "solved": true,
                  "dependencies": []
                },
                "history": []
              }
            ]
          },
          "history": []
        }
      ]
    },
    "jquery/jquery.d.ts": {
      "path": "jquery/jquery.d.ts",
      "commit": {
        "commitSha": "c2df10e5f1b18fdd0b561da0a8804e4d534c59ed"
      },
      "blob": {
        "sha": "99969f710e2dbcac67382988edc7224550d29b86"
      },
      "key": "jquery/jquery.d.ts-c2df10e5f1b18fdd0b561da0a8804e4d534c59ed",
      "solved": true,
      "dependencies": []
    },
    "angularjs/angular.d.ts": {
      "path": "angularjs/angular.d.ts",
      "commit": {
        "commitSha": "c2df10e5f1b18fdd0b561da0a8804e4d534c59ed"
      },
      "blob": {
        "sha": "e76c2be094981c2852bd70a9c3fcbc7f99ff9c8f"
      },
      "key": "angularjs/angular.d.ts-c2df10e5f1b18fdd0b561da0a8804e4d534c59ed",
      "solved": true,
      "dependencies": [
        {
          "path": "jquery/jquery.d.ts",
          "project": "jquery",
          "name": "jquery",
          "head": {
            "path": "jquery/jquery.d.ts",
            "commit": {
              "commitSha": "c2df10e5f1b18fdd0b561da0a8804e4d534c59ed"
            },
            "blob": {
              "sha": "99969f710e2dbcac67382988edc7224550d29b86"
            },
            "key": "jquery/jquery.d.ts-c2df10e5f1b18fdd0b561da0a8804e4d534c59ed",
            "solved": true,
            "dependencies": []
          },
          "history": []
        }
      ]
    }
  }
}