{
  "selection": [
    {
      "path": "async/async.d.ts",
      "key": "async/async.d.ts-42004a39f156ff6ea6491c1c30608ff5b0f16fdb",
      "solved": false,
      "commit": {
        "commitSha": "42004a39f156ff6ea6491c1c30608ff5b0f16fdb"
      },
      "blob": {
        "sha": "12aa4123f3e68a5ef9a45108c55abd9e1b645851"
      },
      "dependencies": []
    }
  ],
  "definitions": [
    {
      "path": "async/async.d.ts",
      "project": "async",
      "name": "async",
      "head": {
        "path": "async/async.d.ts",
        "key": "async/async.d.ts-42004a39f156ff6ea6491c1c30608ff5b0f16fdb",
        "solved": false
      },
      "history": []
    }
  ]
}