{
  "written": {
    "chai/chai.d.ts": {
      "path": "chai/chai.d.ts",
      "key": "chai/chai.d.ts-42004a39f156ff6ea6491c1c30608ff5b0f16fdb",
      "solved": true,
      "commit": {
        "commitSha": "42004a39f156ff6ea6491c1c30608ff5b0f16fdb"
      },
      "blob": {
        "sha": "7318744012cf6ad691fcab24d948488005c88b31"
      },
      "dependencies": []
    }
  },
  "removed": {},
  "skipped": {}
}