{
  "path": "typings",
  "version": "v4",
  "repo": "borisyankov/DefinitelyTyped",
  "ref": "master",
  "installed": {
    "jquery/jquery.d.ts": {
      "commit": "2dbd46d87f3f05aa3344f8a2c3e6c4b8fa09841f"
    },
    "bootstrap/bootstrap.d.ts": {
      "commit": "2dbd46d87f3f05aa3344f8a2c3e6c4b8fa09841f"
    }
  }
}