{
	"version": "v4",
	"path": "typings",
	"repo": "borisyankov/DefinitelyTyped",
	"ref": "master",
	"installed": {}
}