
>> tsd 0.5.x (preview)

 - async/async.d.ts : <head> : 2013-12-09 14:19
