
-> tsd 0.5.1-alpha.1 (preview)
--------

async/async.d.ts  :  c2df10  :  5ba56e


bye!
