{
  "written": {
    "async/async.d.ts": {
      "path": "async/async.d.ts",
      "key": "async/async.d.ts-42004a39f156ff6ea6491c1c30608ff5b0f16fdb",
      "solved": true,
      "commit": {
        "commitSha": "42004a39f156ff6ea6491c1c30608ff5b0f16fdb"
      },
      "blob": {
        "sha": "12aa4123f3e68a5ef9a45108c55abd9e1b645851"
      },
      "dependencies": []
    }
  },
  "removed": {},
  "skipped": {}
}