{
  "path": "typings",
  "version": "v4",
  "repo": "borisyankov/DefinitelyTyped",
  "ref": "master",
  "installed": {
    "jquery/jquery.d.ts": {
      "commit": "c2df10e5f1b18fdd0b561da0a8804e4d534c59ed"
    },
    "angularjs/angular-cookies.d.ts": {
      "commit": "c2df10e5f1b18fdd0b561da0a8804e4d534c59ed"
    },
    "angularjs/angular.d.ts": {
      "commit": "c2df10e5f1b18fdd0b561da0a8804e4d534c59ed"
    }
  }
}