{
  "selection": [
    {
      "path": "bootstrap/bootstrap.d.ts",
      "key": "bootstrap/bootstrap.d.ts-2dbd46d87f3f05aa3344f8a2c3e6c4b8fa09841f",
      "solved": true,
      "commit": {
        "commitSha": "2dbd46d87f3f05aa3344f8a2c3e6c4b8fa09841f"
      },
      "blob": {
        "sha": "c14bf61d4b35530cd4f42fe1759f52dea96fd61f"
      },
      "dependencies": [
        {
          "path": "jquery/jquery.d.ts",
          "project": "jquery",
          "name": "jquery"
        }
      ]
    }
  ],
  "nameMatches": [
    {
      "path": "bootstrap/bootstrap.d.ts",
      "project": "bootstrap",
      "name": "bootstrap",
      "head": {
        "path": "bootstrap/bootstrap.d.ts",
        "key": "bootstrap/bootstrap.d.ts-2dbd46d87f3f05aa3344f8a2c3e6c4b8fa09841f",
        "solved": true
      },
      "history": []
    }
  ],
  "written": {
    "bootstrap/bootstrap.d.ts": {
      "path": "bootstrap/bootstrap.d.ts",
      "key": "bootstrap/bootstrap.d.ts-2dbd46d87f3f05aa3344f8a2c3e6c4b8fa09841f",
      "solved": true,
      "commit": {
        "commitSha": "2dbd46d87f3f05aa3344f8a2c3e6c4b8fa09841f"
      },
      "blob": {
        "sha": "c14bf61d4b35530cd4f42fe1759f52dea96fd61f"
      },
      "dependencies": [
        {
          "path": "jquery/jquery.d.ts",
          "project": "jquery",
          "name": "jquery"
        }
      ]
    },
    "jquery/jquery.d.ts": {
      "path": "jquery/jquery.d.ts",
      "key": "jquery/jquery.d.ts-2dbd46d87f3f05aa3344f8a2c3e6c4b8fa09841f",
      "solved": true,
      "commit": {
        "commitSha": "2dbd46d87f3f05aa3344f8a2c3e6c4b8fa09841f"
      },
      "blob": {
        "sha": "332ee75da76233b015ce68413208fa3c51e86eaf"
      },
      "dependencies": []
    }
  }
}