{
  "version": "v4",
  "repo": "borisyankov/DefinitelyTyped",
  "ref": "master",
  "path": "typings",
  "bundle": "typings/tsd.d.ts",
  "installed": {
    "bootstrap/bootstrap.d.ts": {
      "commit": "42004a39f156ff6ea6491c1c30608ff5b0f16fdb"
    },
    "jquery/jquery.d.ts": {
      "commit": "42004a39f156ff6ea6491c1c30608ff5b0f16fdb"
    }
  }
}
