
>> tsd 0.5.x (preview)
--------

main                                                                                                   
--------                 ----  --------                                                                
   query <pattern>             search definitions                                                      
      --action <name>     -a    : run action on selection (string)                                     
                                  install,compare,update,open                                          
                                  <partially implemented>                                              
      --commit <sha1>     -c    : filter on commit hash (string)                                       
                                  <status unknown>                                                     
      --date <range>      -d    : filter on commit date (string)                                       
                                  <example: ">2012-12-31">                                             
      --history           -h    : display definition commit history (flag)                             
      --info              -i    : display definition info (flag)                                       
      --overwrite         -o    : overwrite existing files (flag)                                      
      --resolve           -r    : include reference dependencies (flag)                                
      --save              -s    : save to config file (flag)                                           
      --semver <range>    -v    : filter on version postfix (string, default: latest)                  
                                  <semver-range | latest | all>                                        
--------                 ----  --------                                                                
      --limit <num>       -l    : sanity limit for expensive API calls, 0 = unlimited (int, default: 2)
      --cacheDir <path>         : path to cache directory (string)                                     
      --config <path>           : path to config file (string)                                         
      --max <num>               : enforce a maximum amount of results, 0 = unlimited (int)             
      --min <num>               : enforce a minimum amount of results (int)                            
                                                                                                       
support                                                                                                
--------                 ----  --------                                                                
   init                        create empty config file                                                
      --overwrite         -o    : overwrite existing files (flag)                                      
   settings                    display config settings                                                 
   reinstall                   re-install definitions from config                                      
      --overwrite         -o    : overwrite existing files (flag)                                      
   rate                        check rate-limit                                                        
--------                 ----  --------                                                                
      --cacheDir <path>         : path to cache directory (string)                                     
      --config <path>           : path to config file (string)                                         
                                                                                                       
help                                                                                                   
--------                 ----  --------                                                                
   help                        display usage help                                                      
   version                     display version                                                         
                                                                                                       
global options                                                                                         
--------                 ----  --------                                                                
      --help              -h    : display usage help (flag)                                            
      --version           -V    : display version information (flag)                                   
      --progress          -p    : display progress notifications (flag)                                
                                  <experimental>                                                       
      --color <name>            : specify CLI color mode (string, default: ansi)                       
                                  no,plain,ansi,html,css,dev                                           
      --detail                  : modify reporting detail level (string, default: mid)                 
                                  low,mid,high                                                         
                                  <partially implemented>                                              
      --dev                     : development mode (flag)                                              
      --timeout <ms>            : set operation timeout in milliseconds, 0 = unlimited (int)           
                                  <not implemented>                                                    
      --verbose                 : verbose output (flag)
