{
  "written": {
    "bootstrap/bootstrap.d.ts": {
      "path": "bootstrap/bootstrap.d.ts",
      "key": "bootstrap/bootstrap.d.ts-42004a39f156ff6ea6491c1c30608ff5b0f16fdb",
      "solved": true,
      "commit": {
        "commitSha": "42004a39f156ff6ea6491c1c30608ff5b0f16fdb"
      },
      "blob": {
        "sha": "b9fe9cd59728baa3934a454c7bd979a46270b0bd"
      },
      "dependencies": [
        {
          "path": "jquery/jquery.d.ts",
          "project": "jquery",
          "name": "jquery"
        }
      ]
    },
    "jquery/jquery.d.ts": {
      "path": "jquery/jquery.d.ts",
      "key": "jquery/jquery.d.ts-42004a39f156ff6ea6491c1c30608ff5b0f16fdb",
      "solved": true,
      "commit": {
        "commitSha": "42004a39f156ff6ea6491c1c30608ff5b0f16fdb"
      },
      "blob": {
        "sha": "958128e2c19ad0435cd231716b399a024e02a18e"
      },
      "dependencies": []
    }
  },
  "removed": {},
  "skipped": {}
}