{
  "selection": [
    {
      "path": "angularjs/angular-cookies.d.ts",
      "key": "angularjs/angular-cookies.d.ts-4cc9beb4057a46d0d81fdbf8621fa693b7157a0c",
      "solved": false,
      "commit": {
        "commitSha": "4cc9beb4057a46d0d81fdbf8621fa693b7157a0c"
      },
      "blob": {
        "sha": "60eebbacb02fad10c66df953fbd7c546adb4464f"
      },
      "dependencies": []
    },
    {
      "path": "angularjs/angular-mocks.d.ts",
      "key": "angularjs/angular-mocks.d.ts-4cc9beb4057a46d0d81fdbf8621fa693b7157a0c",
      "solved": false,
      "commit": {
        "commitSha": "4cc9beb4057a46d0d81fdbf8621fa693b7157a0c"
      },
      "blob": {
        "sha": "a607422dd44e906d7e883197c3e00ae28ba3f36d"
      },
      "dependencies": []
    },
    {
      "path": "angularjs/angular-resource.d.ts",
      "key": "angularjs/angular-resource.d.ts-4cc9beb4057a46d0d81fdbf8621fa693b7157a0c",
      "solved": false,
      "commit": {
        "commitSha": "4cc9beb4057a46d0d81fdbf8621fa693b7157a0c"
      },
      "blob": {
        "sha": "f74f3eb4486ee7a943d50eb74d6cfe428c035e8a"
      },
      "dependencies": []
    },
    {
      "path": "angularjs/angular-route.d.ts",
      "key": "angularjs/angular-route.d.ts-4cc9beb4057a46d0d81fdbf8621fa693b7157a0c",
      "solved": false,
      "commit": {
        "commitSha": "4cc9beb4057a46d0d81fdbf8621fa693b7157a0c"
      },
      "blob": {
        "sha": "b8d1db50b58d7665e97aa622920a8259e800383d"
      },
      "dependencies": []
    },
    {
      "path": "angularjs/angular-sanitize.d.ts",
      "key": "angularjs/angular-sanitize.d.ts-4cc9beb4057a46d0d81fdbf8621fa693b7157a0c",
      "solved": false,
      "commit": {
        "commitSha": "4cc9beb4057a46d0d81fdbf8621fa693b7157a0c"
      },
      "blob": {
        "sha": "a28bdb0d77cb62805903ca78cc7d02b2810e6e9f"
      },
      "dependencies": []
    },
    {
      "path": "angularjs/angular-scenario.d.ts",
      "key": "angularjs/angular-scenario.d.ts-4cc9beb4057a46d0d81fdbf8621fa693b7157a0c",
      "solved": false,
      "commit": {
        "commitSha": "4cc9beb4057a46d0d81fdbf8621fa693b7157a0c"
      },
      "blob": {
        "sha": "cdd66edf71ee2fec541108c747199ee7444b9917"
      },
      "dependencies": []
    },
    {
      "path": "angularjs/angular.d.ts",
      "key": "angularjs/angular.d.ts-4cc9beb4057a46d0d81fdbf8621fa693b7157a0c",
      "solved": false,
      "commit": {
        "commitSha": "4cc9beb4057a46d0d81fdbf8621fa693b7157a0c"
      },
      "blob": {
        "sha": "3b0599ac4dac134e917faaa55bf2bb8da3de7a3e"
      },
      "dependencies": []
    }
  ],
  "definitions": [
    {
      "path": "angularjs/angular-cookies.d.ts",
      "project": "angularjs",
      "name": "angular-cookies",
      "head": {
        "path": "angularjs/angular-cookies.d.ts",
        "key": "angularjs/angular-cookies.d.ts-4cc9beb4057a46d0d81fdbf8621fa693b7157a0c",
        "solved": false
      },
      "history": []
    },
    {
      "path": "angularjs/angular-mocks.d.ts",
      "project": "angularjs",
      "name": "angular-mocks",
      "head": {
        "path": "angularjs/angular-mocks.d.ts",
        "key": "angularjs/angular-mocks.d.ts-4cc9beb4057a46d0d81fdbf8621fa693b7157a0c",
        "solved": false
      },
      "history": []
    },
    {
      "path": "angularjs/angular-resource.d.ts",
      "project": "angularjs",
      "name": "angular-resource",
      "head": {
        "path": "angularjs/angular-resource.d.ts",
        "key": "angularjs/angular-resource.d.ts-4cc9beb4057a46d0d81fdbf8621fa693b7157a0c",
        "solved": false
      },
      "history": []
    },
    {
      "path": "angularjs/angular-route.d.ts",
      "project": "angularjs",
      "name": "angular-route",
      "head": {
        "path": "angularjs/angular-route.d.ts",
        "key": "angularjs/angular-route.d.ts-4cc9beb4057a46d0d81fdbf8621fa693b7157a0c",
        "solved": false
      },
      "history": []
    },
    {
      "path": "angularjs/angular-sanitize.d.ts",
      "project": "angularjs",
      "name": "angular-sanitize",
      "head": {
        "path": "angularjs/angular-sanitize.d.ts",
        "key": "angularjs/angular-sanitize.d.ts-4cc9beb4057a46d0d81fdbf8621fa693b7157a0c",
        "solved": false
      },
      "history": []
    },
    {
      "path": "angularjs/angular-scenario.d.ts",
      "project": "angularjs",
      "name": "angular-scenario",
      "head": {
        "path": "angularjs/angular-scenario.d.ts",
        "key": "angularjs/angular-scenario.d.ts-4cc9beb4057a46d0d81fdbf8621fa693b7157a0c",
        "solved": false
      },
      "history": []
    },
    {
      "path": "angularjs/angular.d.ts",
      "project": "angularjs",
      "name": "angular",
      "head": {
        "path": "angularjs/angular.d.ts",
        "key": "angularjs/angular.d.ts-4cc9beb4057a46d0d81fdbf8621fa693b7157a0c",
        "solved": false
      },
      "history": []
    }
  ]
}