{
  "written": {
    "bootstrap/bootstrap.d.ts": {
      "path": "bootstrap/bootstrap.d.ts",
      "key": "bootstrap/bootstrap.d.ts-42004a39f156ff6ea6491c1c30608ff5b0f16fdb",
      "solved": false,
      "commit": {
        "commitSha": "42004a39f156ff6ea6491c1c30608ff5b0f16fdb"
      },
      "blob": {
        "sha": "b9fe9cd59728baa3934a454c7bd979a46270b0bd"
      },
      "dependencies": []
    }
  },
  "removed": {},
  "skipped": {}
}