{
  "selection": [
    {
      "path": "bootstrap/bootstrap.d.ts",
      "key": "bootstrap/bootstrap.d.ts-4cc9beb4057a46d0d81fdbf8621fa693b7157a0c",
      "solved": false,
      "commit": {
        "commitSha": "4cc9beb4057a46d0d81fdbf8621fa693b7157a0c"
      },
      "blob": {
        "sha": "c14bf61d4b35530cd4f42fe1759f52dea96fd61f"
      },
      "dependencies": []
    }
  ],
  "definitions": [
    {
      "path": "bootstrap/bootstrap.d.ts",
      "project": "bootstrap",
      "name": "bootstrap",
      "head": {
        "path": "bootstrap/bootstrap.d.ts",
        "key": "bootstrap/bootstrap.d.ts-4cc9beb4057a46d0d81fdbf8621fa693b7157a0c",
        "solved": false
      },
      "history": []
    }
  ]
}