{
  "selection": [
    {
      "path": "chai/chai.d.ts",
      "key": "chai/chai.d.ts-1efa27f49add3fcb68450f2c1cfa8fc581ec2506",
      "solved": true,
      "commit": {
        "commitSha": "1efa27f49add3fcb68450f2c1cfa8fc581ec2506"
      },
      "blob": {
        "sha": "9fc93a667090e973167e6acfe1c53bc1c289e0da"
      },
      "dependencies": []
    }
  ],
  "nameMatches": [
    {
      "path": "chai/chai.d.ts",
      "project": "chai",
      "name": "chai",
      "head": {
        "path": "chai/chai.d.ts",
        "key": "chai/chai.d.ts-1efa27f49add3fcb68450f2c1cfa8fc581ec2506",
        "solved": true
      },
      "history": []
    }
  ],
  "written": {
    "chai/chai.d.ts": {
      "path": "chai/chai.d.ts",
      "key": "chai/chai.d.ts-1efa27f49add3fcb68450f2c1cfa8fc581ec2506",
      "solved": true,
      "commit": {
        "commitSha": "1efa27f49add3fcb68450f2c1cfa8fc581ec2506"
      },
      "blob": {
        "sha": "9fc93a667090e973167e6acfe1c53bc1c289e0da"
      },
      "dependencies": []
    }
  }
}